// Jest Snapshot v1, https://goo.gl/fbAQLP

exports[`LoginNep2 renders without crashing 1`] = `
<withActions(Connect(Connect(withError(Connect(withProgressProp(ErrorNotifier))))))
  loginNep2={[Function]}
  store={
    Object {
      "clearActions": [Function],
      "dispatch": [Function],
      "getActions": [Function],
      "getState": [Function],
      "replaceReducer": [Function],
      "subscribe": [Function],
    }
  }
/>
`;
