// Jest Snapshot v1, https://goo.gl/fbAQLP

exports[`Logout should render without crashing 1`] = `
<div
  className="logout"
  id="logout"
  onClick={[Function]}
>
  <Tooltip
    title="Logout"
  >
    <MdPowerSettingsNew />
  </Tooltip>
</div>
`;
