// Jest Snapshot v1, https://goo.gl/fbAQLP

exports[`NetworkSwitch renders without crashing 1`] = `
<div
  className="navBarItem"
  id="network"
>
  <span
    className="navBarItemLabel"
  >
    Running on
  </span>
  <select
    className="networkSelector"
    defaultValue="1"
    onChange={[Function]}
  >
    <option
      key="networkOption1"
      value="1"
    >
      MainNet
    </option>
    <option
      key="networkOption2"
      value="2"
    >
      TestNet
    </option>
  </select>
</div>
`;
