// Jest Snapshot v1, https://goo.gl/fbAQLP

exports[`TransactionHistory renders without crashing 1`] = `
<withData(withProps(Connect(withData(Connect(withFetch(Connect(withData(Connect(withProgressProp(withProps(withoutProps(TransactionHistory))))))))))))
  dispatch={[Function]}
  networkId="1"
  store={
    Object {
      "clearActions": [Function],
      "dispatch": [Function],
      "getActions": [Function],
      "getState": [Function],
      "replaceReducer": [Function],
      "subscribe": [Function],
    }
  }
  storeSubscription={
    Subscription {
      "listeners": Object {
        "clear": [Function],
        "get": [Function],
        "notify": [Function],
        "subscribe": [Function],
      },
      "onStateChange": [Function],
      "parentSub": undefined,
      "store": Object {
        "clearActions": [Function],
        "dispatch": [Function],
        "getActions": [Function],
        "getState": [Function],
        "replaceReducer": [Function],
        "subscribe": [Function],
      },
      "unsubscribe": [Function],
    }
  }
/>
`;
