// Jest Snapshot v1, https://goo.gl/fbAQLP

exports[`WalletInfo renders without crashing 1`] = `
<Connect(withData(Connect(withData(Connect(withData(withProps(Connect(withData(Connect(withData(Connect(withData(withProps(Connect(withData(Connect(withActions(Connect(withActions(Connect(Connect(withProgressProp(LoadedNotifier)))))))))))))))))))))))
  networks={
    Array [
      Object {
        "id": "1",
        "label": "MainNet",
        "network": "MainNet",
      },
      Object {
        "id": "2",
        "label": "TestNet",
        "network": "TestNet",
      },
    ]
  }
  oldParticipateInSale={[Function]}
  participateInSale={[Function]}
  showModal={[Function]}
  store={
    Object {
      "clearActions": [Function],
      "dispatch": [Function],
      "getActions": [Function],
      "getState": [Function],
      "replaceReducer": [Function],
      "subscribe": [Function],
    }
  }
  storeSubscription={
    Subscription {
      "listeners": Object {
        "clear": [Function],
        "get": [Function],
        "notify": [Function],
        "subscribe": [Function],
      },
      "onStateChange": [Function],
      "parentSub": undefined,
      "store": Object {
        "clearActions": [Function],
        "dispatch": [Function],
        "getActions": [Function],
        "getState": [Function],
        "replaceReducer": [Function],
        "subscribe": [Function],
      },
      "unsubscribe": [Function],
    }
  }
/>
`;
